[2025-03-23 17:51:51] local.ERROR: SQLSTATE[42S22]: Column not found: 1054 Unknown column 'email1' in 'where clause' (SQL: select count(*) as aggregate from `usuaris` where `email1` = info@colchonessuaves.com) {"exception":"[object] (Illuminate\\Database\\QueryException(code: 42S22): SQLSTATE[42S22]: Column not found: 1054 Unknown column 'email1' in 'where clause' (SQL: select count(*) as aggregate from `usuaris` where `email1` = info@colchonessuaves.com) at C:\\xampp\\htdocs\\exercicis MP07\\UF3\\MP07_S4_UF3_PRAC\\exercici 3\\CrudEloquent\\vendor\\laravel\\framework\\src\\Illuminate\\Database\\Connection.php:760)
[stacktrace]
#0 C:\\xampp\\htdocs\\exercicis MP07\\UF3\\MP07_S4_UF3_PRAC\\exercici 3\\CrudEloquent\\vendor\\laravel\\framework\\src\\Illuminate\\Database\\Connection.php(720): Illuminate\\Database\\Connection->runQueryCallback('select count(*)...', Array, Object(Closure))
#1 C:\\xampp\\htdocs\\exercicis MP07\\UF3\\MP07_S4_UF3_PRAC\\exercici 3\\CrudEloquent\\vendor\\laravel\\framework\\src\\Illuminate\\Database\\Connection.php(422): Illuminate\\Database\\Connection->run('select count(*)...', Array, Object(Closure))
#2 C:\\xampp\\htdocs\\exercicis MP07\\UF3\\MP07_S4_UF3_PRAC\\exercici 3\\CrudEloquent\\vendor\\laravel\\framework\\src\\Illuminate\\Database\\Query\\Builder.php(2706): Illuminate\\Database\\Connection->select('select count(*)...', Array, false)
#3 C:\\xampp\\htdocs\\exercicis MP07\\UF3\\MP07_S4_UF3_PRAC\\exercici 3\\CrudEloquent\\vendor\\laravel\\framework\\src\\Illuminate\\Database\\Query\\Builder.php(2694): Illuminate\\Database\\Query\\Builder->runSelect()
#4 C:\\xampp\\htdocs\\exercicis MP07\\UF3\\MP07_S4_UF3_PRAC\\exercici 3\\CrudEloquent\\vendor\\laravel\\framework\\src\\Illuminate\\Database\\Query\\Builder.php(3230): Illuminate\\Database\\Query\\Builder->Illuminate\\Database\\Query\\{closure}()
#5 C:\\xampp\\htdocs\\exercicis MP07\\UF3\\MP07_S4_UF3_PRAC\\exercici 3\\CrudEloquent\\vendor\\laravel\\framework\\src\\Illuminate\\Database\\Query\\Builder.php(2695): Illuminate\\Database\\Query\\Builder->onceWithColumns(Array, Object(Closure))
#6 C:\\xampp\\htdocs\\exercicis MP07\\UF3\\MP07_S4_UF3_PRAC\\exercici 3\\CrudEloquent\\vendor\\laravel\\framework\\src\\Illuminate\\Database\\Query\\Builder.php(3157): Illuminate\\Database\\Query\\Builder->get(Array)
#7 C:\\xampp\\htdocs\\exercicis MP07\\UF3\\MP07_S4_UF3_PRAC\\exercici 3\\CrudEloquent\\vendor\\laravel\\framework\\src\\Illuminate\\Database\\Query\\Builder.php(3085): Illuminate\\Database\\Query\\Builder->aggregate('count', Array)
#8 C:\\xampp\\htdocs\\exercicis MP07\\UF3\\MP07_S4_UF3_PRAC\\exercici 3\\CrudEloquent\\vendor\\laravel\\framework\\src\\Illuminate\\Validation\\DatabasePresenceVerifier.php(54): Illuminate\\Database\\Query\\Builder->count()
#9 C:\\xampp\\htdocs\\exercicis MP07\\UF3\\MP07_S4_UF3_PRAC\\exercici 3\\CrudEloquent\\vendor\\laravel\\framework\\src\\Illuminate\\Validation\\Concerns\\ValidatesAttributes.php(928): Illuminate\\Validation\\DatabasePresenceVerifier->getCount('usuaris', 'email1', 'info@colchoness...', NULL, NULL, Array)
#10 C:\\xampp\\htdocs\\exercicis MP07\\UF3\\MP07_S4_UF3_PRAC\\exercici 3\\CrudEloquent\\vendor\\laravel\\framework\\src\\Illuminate\\Validation\\Validator.php(616): Illuminate\\Validation\\Validator->validateUnique('email', 'info@colchoness...', Array, Object(Illuminate\\Validation\\Validator))
#11 C:\\xampp\\htdocs\\exercicis MP07\\UF3\\MP07_S4_UF3_PRAC\\exercici 3\\CrudEloquent\\vendor\\laravel\\framework\\src\\Illuminate\\Validation\\Validator.php(422): Illuminate\\Validation\\Validator->validateAttribute('email', 'Unique')
#12 C:\\xampp\\htdocs\\exercicis MP07\\UF3\\MP07_S4_UF3_PRAC\\exercici 3\\CrudEloquent\\vendor\\laravel\\framework\\src\\Illuminate\\Validation\\Validator.php(453): Illuminate\\Validation\\Validator->passes()
#13 C:\\xampp\\htdocs\\exercicis MP07\\UF3\\MP07_S4_UF3_PRAC\\exercici 3\\CrudEloquent\\vendor\\laravel\\framework\\src\\Illuminate\\Validation\\Validator.php(495): Illuminate\\Validation\\Validator->fails()
#14 C:\\xampp\\htdocs\\exercicis MP07\\UF3\\MP07_S4_UF3_PRAC\\exercici 3\\CrudEloquent\\vendor\\laravel\\framework\\src\\Illuminate\\Foundation\\Providers\\FoundationServiceProvider.php(122): Illuminate\\Validation\\Validator->validate()
#15 C:\\xampp\\htdocs\\exercicis MP07\\UF3\\MP07_S4_UF3_PRAC\\exercici 3\\CrudEloquent\\vendor\\laravel\\framework\\src\\Illuminate\\Macroable\\Traits\\Macroable.php(124): Illuminate\\Http\\Request->Illuminate\\Foundation\\Providers\\{closure}(Array)
#16 C:\\xampp\\htdocs\\exercicis MP07\\UF3\\MP07_S4_UF3_PRAC\\exercici 3\\CrudEloquent\\app\\Http\\Controllers\\UsuariController.php(97): Illuminate\\Http\\Request->__call('validate', Array)
#17 C:\\xampp\\htdocs\\exercicis MP07\\UF3\\MP07_S4_UF3_PRAC\\exercici 3\\CrudEloquent\\vendor\\laravel\\framework\\src\\Illuminate\\Routing\\Controller.php(54): App\\Http\\Controllers\\UsuariController->update(Object(Illuminate\\Http\\Request), Object(App\\Models\\Usuari))
#18 C:\\xampp\\htdocs\\exercicis MP07\\UF3\\MP07_S4_UF3_PRAC\\exercici 3\\CrudEloquent\\vendor\\laravel\\framework\\src\\Illuminate\\Routing\\ControllerDispatcher.php(43): Illuminate\\Routing\\Controller->callAction('update', Array)
#19 C:\\xampp\\htdocs\\exercicis MP07\\UF3\\MP07_S4_UF3_PRAC\\exercici 3\\CrudEloquent\\vendor\\laravel\\framework\\src\\Illuminate\\Routing\\Route.php(260): Illuminate\\Routing\\ControllerDispatcher->dispatch(Object(Illuminate\\Routing\\Route), Object(App\\Http\\Controllers\\UsuariController), 'update')
#20 C:\\xampp\\htdocs\\exercicis MP07\\UF3\\MP07_S4_UF3_PRAC\\exercici 3\\CrudEloquent\\vendor\\laravel\\framework\\src\\Illuminate\\Routing\\Route.php(205): Illuminate\\Routing\\Route->runController()
#21 C:\\xampp\\htdocs\\exercicis MP07\\UF3\\MP07_S4_UF3_PRAC\\exercici 3\\CrudEloquent\\vendor\\laravel\\framework\\src\\Illuminate\\Routing\\Router.php(798): Illuminate\\Routing\\Route->run()
#22 C:\\xampp\\htdocs\\exercicis MP07\\UF3\\MP07_S4_UF3_PRAC\\exercici 3\\CrudEloquent\\vendor\\laravel\\framework\\src\\Illuminate\\Pipeline\\Pipeline.php(141): Illuminate\\Routing\\Router->Illuminate\\Routing\\{closure}(Object(Illuminate\\Http\\Request))
#23 C:\\xampp\\htdocs\\exercicis MP07\\UF3\\MP07_S4_UF3_PRAC\\exercici 3\\CrudEloquent\\vendor\\laravel\\framework\\src\\Illuminate\\Routing\\Middleware\\SubstituteBindings.php(50): Illuminate\\Pipeline\\Pipeline->Illuminate\\Pipeline\\{closure}(Object(Illuminate\\Http\\Request))
#24 C:\\xampp\\htdocs\\exercicis MP07\\UF3\\MP07_S4_UF3_PRAC\\exercici 3\\CrudEloquent\\vendor\\laravel\\framework\\src\\Illuminate\\Pipeline\\Pipeline.php(180): Illuminate\\Routing\\Middleware\\SubstituteBindings->handle(Object(Illuminate\\Http\\Request), Object(Closure))
#25 C:\\xampp\\htdocs\\exercicis MP07\\UF3\\MP07_S4_UF3_PRAC\\exercici 3\\CrudEloquent\\vendor\\laravel\\framework\\src\\Illuminate\\Foundation\\Http\\Middleware\\VerifyCsrfToken.php(78): Illuminate\\Pipeline\\Pipeline->Illuminate\\Pipeline\\{closure}(Object(Illuminate\\Http\\Request))
#26 C:\\xampp\\htdocs\\exercicis MP07\\UF3\\MP07_S4_UF3_PRAC\\exercici 3\\CrudEloquent\\vendor\\laravel\\framework\\src\\Illuminate\\Pipeline\\Pipeline.php(180): Illuminate\\Foundation\\Http\\Middleware\\VerifyCsrfToken->handle(Object(Illuminate\\Http\\Request), Object(Closure))
#27 C:\\xampp\\htdocs\\exercicis MP07\\UF3\\MP07_S4_UF3_PRAC\\exercici 3\\CrudEloquent\\vendor\\laravel\\framework\\src\\Illuminate\\View\\Middleware\\ShareErrorsFromSession.php(49): Illuminate\\Pipeline\\Pipeline->Illuminate\\Pipeline\\{closure}(Object(Illuminate\\Http\\Request))
#28 C:\\xampp\\htdocs\\exercicis MP07\\UF3\\MP07_S4_UF3_PRAC\\exercici 3\\CrudEloquent\\vendor\\laravel\\framework\\src\\Illuminate\\Pipeline\\Pipeline.php(180): Illuminate\\View\\Middleware\\ShareErrorsFromSession->handle(Object(Illuminate\\Http\\Request), Object(Closure))
#29 C:\\xampp\\htdocs\\exercicis MP07\\UF3\\MP07_S4_UF3_PRAC\\exercici 3\\CrudEloquent\\vendor\\laravel\\framework\\src\\Illuminate\\Session\\Middleware\\StartSession.php(121): Illuminate\\Pipeline\\Pipeline->Illuminate\\Pipeline\\{closure}(Object(Illuminate\\Http\\Request))
#30 C:\\xampp\\htdocs\\exercicis MP07\\UF3\\MP07_S4_UF3_PRAC\\exercici 3\\CrudEloquent\\vendor\\laravel\\framework\\src\\Illuminate\\Session\\Middleware\\StartSession.php(64): Illuminate\\Session\\Middleware\\StartSession->handleStatefulRequest(Object(Illuminate\\Http\\Request), Object(Illuminate\\Session\\Store), Object(Closure))
#31 C:\\xampp\\htdocs\\exercicis MP07\\UF3\\MP07_S4_UF3_PRAC\\exercici 3\\CrudEloquent\\vendor\\laravel\\framework\\src\\Illuminate\\Pipeline\\Pipeline.php(180): Illuminate\\Session\\Middleware\\StartSession->handle(Object(Illuminate\\Http\\Request), Object(Closure))
#32 C:\\xampp\\htdocs\\exercicis MP07\\UF3\\MP07_S4_UF3_PRAC\\exercici 3\\CrudEloquent\\vendor\\laravel\\framework\\src\\Illuminate\\Cookie\\Middleware\\AddQueuedCookiesToResponse.php(37): Illuminate\\Pipeline\\Pipeline->Illuminate\\Pipeline\\{closure}(Object(Illuminate\\Http\\Request))
#33 C:\\xampp\\htdocs\\exercicis MP07\\UF3\\MP07_S4_UF3_PRAC\\exercici 3\\CrudEloquent\\vendor\\laravel\\framework\\src\\Illuminate\\Pipeline\\Pipeline.php(180): Illuminate\\Cookie\\Middleware\\AddQueuedCookiesToResponse->handle(Object(Illuminate\\Http\\Request), Object(Closure))
#34 C:\\xampp\\htdocs\\exercicis MP07\\UF3\\MP07_S4_UF3_PRAC\\exercici 3\\CrudEloquent\\vendor\\laravel\\framework\\src\\Illuminate\\Cookie\\Middleware\\EncryptCookies.php(67): Illuminate\\Pipeline\\Pipeline->Illuminate\\Pipeline\\{closure}(Object(Illuminate\\Http\\Request))
#35 C:\\xampp\\htdocs\\exercicis MP07\\UF3\\MP07_S4_UF3_PRAC\\exercici 3\\CrudEloquent\\vendor\\laravel\\framework\\src\\Illuminate\\Pipeline\\Pipeline.php(180): Illuminate\\Cookie\\Middleware\\EncryptCookies->handle(Object(Illuminate\\Http\\Request), Object(Closure))
#36 C:\\xampp\\htdocs\\exercicis MP07\\UF3\\MP07_S4_UF3_PRAC\\exercici 3\\CrudEloquent\\vendor\\laravel\\framework\\src\\Illuminate\\Pipeline\\Pipeline.php(116): Illuminate\\Pipeline\\Pipeline->Illuminate\\Pipeline\\{closure}(Object(Illuminate\\Http\\Request))
#37 C:\\xampp\\htdocs\\exercicis MP07\\UF3\\MP07_S4_UF3_PRAC\\exercici 3\\CrudEloquent\\vendor\\laravel\\framework\\src\\Illuminate\\Routing\\Router.php(799): Illuminate\\Pipeline\\Pipeline->then(Object(Closure))
#38 C:\\xampp\\htdocs\\exercicis MP07\\UF3\\MP07_S4_UF3_PRAC\\exercici 3\\CrudEloquent\\vendor\\laravel\\framework\\src\\Illuminate\\Routing\\Router.php(776): Illuminate\\Routing\\Router->runRouteWithinStack(Object(Illuminate\\Routing\\Route), Object(Illuminate\\Http\\Request))
#39 C:\\xampp\\htdocs\\exercicis MP07\\UF3\\MP07_S4_UF3_PRAC\\exercici 3\\CrudEloquent\\vendor\\laravel\\framework\\src\\Illuminate\\Routing\\Router.php(740): Illuminate\\Routing\\Router->runRoute(Object(Illuminate\\Http\\Request), Object(Illuminate\\Routing\\Route))
#40 C:\\xampp\\htdocs\\exercicis MP07\\UF3\\MP07_S4_UF3_PRAC\\exercici 3\\CrudEloquent\\vendor\\laravel\\framework\\src\\Illuminate\\Routing\\Router.php(729): Illuminate\\Routing\\Router->dispatchToRoute(Object(Illuminate\\Http\\Request))
#41 C:\\xampp\\htdocs\\exercicis MP07\\UF3\\MP07_S4_UF3_PRAC\\exercici 3\\CrudEloquent\\vendor\\laravel\\framework\\src\\Illuminate\\Foundation\\Http\\Kernel.php(190): Illuminate\\Routing\\Router->dispatch(Object(Illuminate\\Http\\Request))
#42 C:\\xampp\\htdocs\\exercicis MP07\\UF3\\MP07_S4_UF3_PRAC\\exercici 3\\CrudEloquent\\vendor\\laravel\\framework\\src\\Illuminate\\Pipeline\\Pipeline.php(141): Illuminate\\Foundation\\Http\\Kernel->Illuminate\\Foundation\\Http\\{closure}(Object(Illuminate\\Http\\Request))
#43 C:\\xampp\\htdocs\\exercicis MP07\\UF3\\MP07_S4_UF3_PRAC\\exercici 3\\CrudEloquent\\vendor\\laravel\\framework\\src\\Illuminate\\Foundation\\Http\\Middleware\\TransformsRequest.php(21): Illuminate\\Pipeline\\Pipeline->Illuminate\\Pipeline\\{closure}(Object(Illuminate\\Http\\Request))
#44 C:\\xampp\\htdocs\\exercicis MP07\\UF3\\MP07_S4_UF3_PRAC\\exercici 3\\CrudEloquent\\vendor\\laravel\\framework\\src\\Illuminate\\Foundation\\Http\\Middleware\\ConvertEmptyStringsToNull.php(31): Illuminate\\Foundation\\Http\\Middleware\\TransformsRequest->handle(Object(Illuminate\\Http\\Request), Object(Closure))
#45 C:\\xampp\\htdocs\\exercicis MP07\\UF3\\MP07_S4_UF3_PRAC\\exercici 3\\CrudEloquent\\vendor\\laravel\\framework\\src\\Illuminate\\Pipeline\\Pipeline.php(180): Illuminate\\Foundation\\Http\\Middleware\\ConvertEmptyStringsToNull->handle(Object(Illuminate\\Http\\Request), Object(Closure))
#46 C:\\xampp\\htdocs\\exercicis MP07\\UF3\\MP07_S4_UF3_PRAC\\exercici 3\\CrudEloquent\\vendor\\laravel\\framework\\src\\Illuminate\\Foundation\\Http\\Middleware\\TransformsRequest.php(21): Illuminate\\Pipeline\\Pipeline->Illuminate\\Pipeline\\{closure}(Object(Illuminate\\Http\\Request))
#47 C:\\xampp\\htdocs\\exercicis MP07\\UF3\\MP07_S4_UF3_PRAC\\exercici 3\\CrudEloquent\\vendor\\laravel\\framework\\src\\Illuminate\\Foundation\\Http\\Middleware\\TrimStrings.php(40): Illuminate\\Foundation\\Http\\Middleware\\TransformsRequest->handle(Object(Illuminate\\Http\\Request), Object(Closure))
#48 C:\\xampp\\htdocs\\exercicis MP07\\UF3\\MP07_S4_UF3_PRAC\\exercici 3\\CrudEloquent\\vendor\\laravel\\framework\\src\\Illuminate\\Pipeline\\Pipeline.php(180): Illuminate\\Foundation\\Http\\Middleware\\TrimStrings->handle(Object(Illuminate\\Http\\Request), Object(Closure))
#49 C:\\xampp\\htdocs\\exercicis MP07\\UF3\\MP07_S4_UF3_PRAC\\exercici 3\\CrudEloquent\\vendor\\laravel\\framework\\src\\Illuminate\\Foundation\\Http\\Middleware\\ValidatePostSize.php(27): Illuminate\\Pipeline\\Pipeline->Illuminate\\Pipeline\\{closure}(Object(Illuminate\\Http\\Request))
#50 C:\\xampp\\htdocs\\exercicis MP07\\UF3\\MP07_S4_UF3_PRAC\\exercici 3\\CrudEloquent\\vendor\\laravel\\framework\\src\\Illuminate\\Pipeline\\Pipeline.php(180): Illuminate\\Foundation\\Http\\Middleware\\ValidatePostSize->handle(Object(Illuminate\\Http\\Request), Object(Closure))
#51 C:\\xampp\\htdocs\\exercicis MP07\\UF3\\MP07_S4_UF3_PRAC\\exercici 3\\CrudEloquent\\vendor\\laravel\\framework\\src\\Illuminate\\Foundation\\Http\\Middleware\\PreventRequestsDuringMaintenance.php(86): Illuminate\\Pipeline\\Pipeline->Illuminate\\Pipeline\\{closure}(Object(Illuminate\\Http\\Request))
#52 C:\\xampp\\htdocs\\exercicis MP07\\UF3\\MP07_S4_UF3_PRAC\\exercici 3\\CrudEloquent\\vendor\\laravel\\framework\\src\\Illuminate\\Pipeline\\Pipeline.php(180): Illuminate\\Foundation\\Http\\Middleware\\PreventRequestsDuringMaintenance->handle(Object(Illuminate\\Http\\Request), Object(Closure))
#53 C:\\xampp\\htdocs\\exercicis MP07\\UF3\\MP07_S4_UF3_PRAC\\exercici 3\\CrudEloquent\\vendor\\laravel\\framework\\src\\Illuminate\\Http\\Middleware\\HandleCors.php(49): Illuminate\\Pipeline\\Pipeline->Illuminate\\Pipeline\\{closure}(Object(Illuminate\\Http\\Request))
#54 C:\\xampp\\htdocs\\exercicis MP07\\UF3\\MP07_S4_UF3_PRAC\\exercici 3\\CrudEloquent\\vendor\\laravel\\framework\\src\\Illuminate\\Pipeline\\Pipeline.php(180): Illuminate\\Http\\Middleware\\HandleCors->handle(Object(Illuminate\\Http\\Request), Object(Closure))
#55 C:\\xampp\\htdocs\\exercicis MP07\\UF3\\MP07_S4_UF3_PRAC\\exercici 3\\CrudEloquent\\vendor\\laravel\\framework\\src\\Illuminate\\Http\\Middleware\\TrustProxies.php(39): Illuminate\\Pipeline\\Pipeline->Illuminate\\Pipeline\\{closure}(Object(Illuminate\\Http\\Request))
#56 C:\\xampp\\htdocs\\exercicis MP07\\UF3\\MP07_S4_UF3_PRAC\\exercici 3\\CrudEloquent\\vendor\\laravel\\framework\\src\\Illuminate\\Pipeline\\Pipeline.php(180): Illuminate\\Http\\Middleware\\TrustProxies->handle(Object(Illuminate\\Http\\Request), Object(Closure))
#57 C:\\xampp\\htdocs\\exercicis MP07\\UF3\\MP07_S4_UF3_PRAC\\exercici 3\\CrudEloquent\\vendor\\laravel\\framework\\src\\Illuminate\\Pipeline\\Pipeline.php(116): Illuminate\\Pipeline\\Pipeline->Illuminate\\Pipeline\\{closure}(Object(Illuminate\\Http\\Request))
#58 C:\\xampp\\htdocs\\exercicis MP07\\UF3\\MP07_S4_UF3_PRAC\\exercici 3\\CrudEloquent\\vendor\\laravel\\framework\\src\\Illuminate\\Foundation\\Http\\Kernel.php(165): Illuminate\\Pipeline\\Pipeline->then(Object(Closure))
#59 C:\\xampp\\htdocs\\exercicis MP07\\UF3\\MP07_S4_UF3_PRAC\\exercici 3\\CrudEloquent\\vendor\\laravel\\framework\\src\\Illuminate\\Foundation\\Http\\Kernel.php(134): Illuminate\\Foundation\\Http\\Kernel->sendRequestThroughRouter(Object(Illuminate\\Http\\Request))
#60 C:\\xampp\\htdocs\\exercicis MP07\\UF3\\MP07_S4_UF3_PRAC\\exercici 3\\CrudEloquent\\public\\index.php(52): Illuminate\\Foundation\\Http\\Kernel->handle(Object(Illuminate\\Http\\Request))
#61 C:\\xampp\\htdocs\\exercicis MP07\\UF3\\MP07_S4_UF3_PRAC\\exercici 3\\CrudEloquent\\vendor\\laravel\\framework\\src\\Illuminate\\Foundation\\resources\\server.php(16): require_once('C:\\\\xampp\\\\htdocs...')
#62 {main}

[previous exception] [object] (PDOException(code: 42S22): SQLSTATE[42S22]: Column not found: 1054 Unknown column 'email1' in 'where clause' at C:\\xampp\\htdocs\\exercicis MP07\\UF3\\MP07_S4_UF3_PRAC\\exercici 3\\CrudEloquent\\vendor\\laravel\\framework\\src\\Illuminate\\Database\\Connection.php:414)
[stacktrace]
#0 C:\\xampp\\htdocs\\exercicis MP07\\UF3\\MP07_S4_UF3_PRAC\\exercici 3\\CrudEloquent\\vendor\\laravel\\framework\\src\\Illuminate\\Database\\Connection.php(414): PDO->prepare('select count(*)...')
#1 C:\\xampp\\htdocs\\exercicis MP07\\UF3\\MP07_S4_UF3_PRAC\\exercici 3\\CrudEloquent\\vendor\\laravel\\framework\\src\\Illuminate\\Database\\Connection.php(753): Illuminate\\Database\\Connection->Illuminate\\Database\\{closure}('select count(*)...', Array)
#2 C:\\xampp\\htdocs\\exercicis MP07\\UF3\\MP07_S4_UF3_PRAC\\exercici 3\\CrudEloquent\\vendor\\laravel\\framework\\src\\Illuminate\\Database\\Connection.php(720): Illuminate\\Database\\Connection->runQueryCallback('select count(*)...', Array, Object(Closure))
#3 C:\\xampp\\htdocs\\exercicis MP07\\UF3\\MP07_S4_UF3_PRAC\\exercici 3\\CrudEloquent\\vendor\\laravel\\framework\\src\\Illuminate\\Database\\Connection.php(422): Illuminate\\Database\\Connection->run('select count(*)...', Array, Object(Closure))
#4 C:\\xampp\\htdocs\\exercicis MP07\\UF3\\MP07_S4_UF3_PRAC\\exercici 3\\CrudEloquent\\vendor\\laravel\\framework\\src\\Illuminate\\Database\\Query\\Builder.php(2706): Illuminate\\Database\\Connection->select('select count(*)...', Array, false)
#5 C:\\xampp\\htdocs\\exercicis MP07\\UF3\\MP07_S4_UF3_PRAC\\exercici 3\\CrudEloquent\\vendor\\laravel\\framework\\src\\Illuminate\\Database\\Query\\Builder.php(2694): Illuminate\\Database\\Query\\Builder->runSelect()
#6 C:\\xampp\\htdocs\\exercicis MP07\\UF3\\MP07_S4_UF3_PRAC\\exercici 3\\CrudEloquent\\vendor\\laravel\\framework\\src\\Illuminate\\Database\\Query\\Builder.php(3230): Illuminate\\Database\\Query\\Builder->Illuminate\\Database\\Query\\{closure}()
#7 C:\\xampp\\htdocs\\exercicis MP07\\UF3\\MP07_S4_UF3_PRAC\\exercici 3\\CrudEloquent\\vendor\\laravel\\framework\\src\\Illuminate\\Database\\Query\\Builder.php(2695): Illuminate\\Database\\Query\\Builder->onceWithColumns(Array, Object(Closure))
#8 C:\\xampp\\htdocs\\exercicis MP07\\UF3\\MP07_S4_UF3_PRAC\\exercici 3\\CrudEloquent\\vendor\\laravel\\framework\\src\\Illuminate\\Database\\Query\\Builder.php(3157): Illuminate\\Database\\Query\\Builder->get(Array)
#9 C:\\xampp\\htdocs\\exercicis MP07\\UF3\\MP07_S4_UF3_PRAC\\exercici 3\\CrudEloquent\\vendor\\laravel\\framework\\src\\Illuminate\\Database\\Query\\Builder.php(3085): Illuminate\\Database\\Query\\Builder->aggregate('count', Array)
#10 C:\\xampp\\htdocs\\exercicis MP07\\UF3\\MP07_S4_UF3_PRAC\\exercici 3\\CrudEloquent\\vendor\\laravel\\framework\\src\\Illuminate\\Validation\\DatabasePresenceVerifier.php(54): Illuminate\\Database\\Query\\Builder->count()
#11 C:\\xampp\\htdocs\\exercicis MP07\\UF3\\MP07_S4_UF3_PRAC\\exercici 3\\CrudEloquent\\vendor\\laravel\\framework\\src\\Illuminate\\Validation\\Concerns\\ValidatesAttributes.php(928): Illuminate\\Validation\\DatabasePresenceVerifier->getCount('usuaris', 'email1', 'info@colchoness...', NULL, NULL, Array)
#12 C:\\xampp\\htdocs\\exercicis MP07\\UF3\\MP07_S4_UF3_PRAC\\exercici 3\\CrudEloquent\\vendor\\laravel\\framework\\src\\Illuminate\\Validation\\Validator.php(616): Illuminate\\Validation\\Validator->validateUnique('email', 'info@colchoness...', Array, Object(Illuminate\\Validation\\Validator))
#13 C:\\xampp\\htdocs\\exercicis MP07\\UF3\\MP07_S4_UF3_PRAC\\exercici 3\\CrudEloquent\\vendor\\laravel\\framework\\src\\Illuminate\\Validation\\Validator.php(422): Illuminate\\Validation\\Validator->validateAttribute('email', 'Unique')
#14 C:\\xampp\\htdocs\\exercicis MP07\\UF3\\MP07_S4_UF3_PRAC\\exercici 3\\CrudEloquent\\vendor\\laravel\\framework\\src\\Illuminate\\Validation\\Validator.php(453): Illuminate\\Validation\\Validator->passes()
#15 C:\\xampp\\htdocs\\exercicis MP07\\UF3\\MP07_S4_UF3_PRAC\\exercici 3\\CrudEloquent\\vendor\\laravel\\framework\\src\\Illuminate\\Validation\\Validator.php(495): Illuminate\\Validation\\Validator->fails()
#16 C:\\xampp\\htdocs\\exercicis MP07\\UF3\\MP07_S4_UF3_PRAC\\exercici 3\\CrudEloquent\\vendor\\laravel\\framework\\src\\Illuminate\\Foundation\\Providers\\FoundationServiceProvider.php(122): Illuminate\\Validation\\Validator->validate()
#17 C:\\xampp\\htdocs\\exercicis MP07\\UF3\\MP07_S4_UF3_PRAC\\exercici 3\\CrudEloquent\\vendor\\laravel\\framework\\src\\Illuminate\\Macroable\\Traits\\Macroable.php(124): Illuminate\\Http\\Request->Illuminate\\Foundation\\Providers\\{closure}(Array)
#18 C:\\xampp\\htdocs\\exercicis MP07\\UF3\\MP07_S4_UF3_PRAC\\exercici 3\\CrudEloquent\\app\\Http\\Controllers\\UsuariController.php(97): Illuminate\\Http\\Request->__call('validate', Array)
#19 C:\\xampp\\htdocs\\exercicis MP07\\UF3\\MP07_S4_UF3_PRAC\\exercici 3\\CrudEloquent\\vendor\\laravel\\framework\\src\\Illuminate\\Routing\\Controller.php(54): App\\Http\\Controllers\\UsuariController->update(Object(Illuminate\\Http\\Request), Object(App\\Models\\Usuari))
#20 C:\\xampp\\htdocs\\exercicis MP07\\UF3\\MP07_S4_UF3_PRAC\\exercici 3\\CrudEloquent\\vendor\\laravel\\framework\\src\\Illuminate\\Routing\\ControllerDispatcher.php(43): Illuminate\\Routing\\Controller->callAction('update', Array)
#21 C:\\xampp\\htdocs\\exercicis MP07\\UF3\\MP07_S4_UF3_PRAC\\exercici 3\\CrudEloquent\\vendor\\laravel\\framework\\src\\Illuminate\\Routing\\Route.php(260): Illuminate\\Routing\\ControllerDispatcher->dispatch(Object(Illuminate\\Routing\\Route), Object(App\\Http\\Controllers\\UsuariController), 'update')
#22 C:\\xampp\\htdocs\\exercicis MP07\\UF3\\MP07_S4_UF3_PRAC\\exercici 3\\CrudEloquent\\vendor\\laravel\\framework\\src\\Illuminate\\Routing\\Route.php(205): Illuminate\\Routing\\Route->runController()
#23 C:\\xampp\\htdocs\\exercicis MP07\\UF3\\MP07_S4_UF3_PRAC\\exercici 3\\CrudEloquent\\vendor\\laravel\\framework\\src\\Illuminate\\Routing\\Router.php(798): Illuminate\\Routing\\Route->run()
#24 C:\\xampp\\htdocs\\exercicis MP07\\UF3\\MP07_S4_UF3_PRAC\\exercici 3\\CrudEloquent\\vendor\\laravel\\framework\\src\\Illuminate\\Pipeline\\Pipeline.php(141): Illuminate\\Routing\\Router->Illuminate\\Routing\\{closure}(Object(Illuminate\\Http\\Request))
#25 C:\\xampp\\htdocs\\exercicis MP07\\UF3\\MP07_S4_UF3_PRAC\\exercici 3\\CrudEloquent\\vendor\\laravel\\framework\\src\\Illuminate\\Routing\\Middleware\\SubstituteBindings.php(50): Illuminate\\Pipeline\\Pipeline->Illuminate\\Pipeline\\{closure}(Object(Illuminate\\Http\\Request))
#26 C:\\xampp\\htdocs\\exercicis MP07\\UF3\\MP07_S4_UF3_PRAC\\exercici 3\\CrudEloquent\\vendor\\laravel\\framework\\src\\Illuminate\\Pipeline\\Pipeline.php(180): Illuminate\\Routing\\Middleware\\SubstituteBindings->handle(Object(Illuminate\\Http\\Request), Object(Closure))
#27 C:\\xampp\\htdocs\\exercicis MP07\\UF3\\MP07_S4_UF3_PRAC\\exercici 3\\CrudEloquent\\vendor\\laravel\\framework\\src\\Illuminate\\Foundation\\Http\\Middleware\\VerifyCsrfToken.php(78): Illuminate\\Pipeline\\Pipeline->Illuminate\\Pipeline\\{closure}(Object(Illuminate\\Http\\Request))
#28 C:\\xampp\\htdocs\\exercicis MP07\\UF3\\MP07_S4_UF3_PRAC\\exercici 3\\CrudEloquent\\vendor\\laravel\\framework\\src\\Illuminate\\Pipeline\\Pipeline.php(180): Illuminate\\Foundation\\Http\\Middleware\\VerifyCsrfToken->handle(Object(Illuminate\\Http\\Request), Object(Closure))
#29 C:\\xampp\\htdocs\\exercicis MP07\\UF3\\MP07_S4_UF3_PRAC\\exercici 3\\CrudEloquent\\vendor\\laravel\\framework\\src\\Illuminate\\View\\Middleware\\ShareErrorsFromSession.php(49): Illuminate\\Pipeline\\Pipeline->Illuminate\\Pipeline\\{closure}(Object(Illuminate\\Http\\Request))
#30 C:\\xampp\\htdocs\\exercicis MP07\\UF3\\MP07_S4_UF3_PRAC\\exercici 3\\CrudEloquent\\vendor\\laravel\\framework\\src\\Illuminate\\Pipeline\\Pipeline.php(180): Illuminate\\View\\Middleware\\ShareErrorsFromSession->handle(Object(Illuminate\\Http\\Request), Object(Closure))
#31 C:\\xampp\\htdocs\\exercicis MP07\\UF3\\MP07_S4_UF3_PRAC\\exercici 3\\CrudEloquent\\vendor\\laravel\\framework\\src\\Illuminate\\Session\\Middleware\\StartSession.php(121): Illuminate\\Pipeline\\Pipeline->Illuminate\\Pipeline\\{closure}(Object(Illuminate\\Http\\Request))
#32 C:\\xampp\\htdocs\\exercicis MP07\\UF3\\MP07_S4_UF3_PRAC\\exercici 3\\CrudEloquent\\vendor\\laravel\\framework\\src\\Illuminate\\Session\\Middleware\\StartSession.php(64): Illuminate\\Session\\Middleware\\StartSession->handleStatefulRequest(Object(Illuminate\\Http\\Request), Object(Illuminate\\Session\\Store), Object(Closure))
#33 C:\\xampp\\htdocs\\exercicis MP07\\UF3\\MP07_S4_UF3_PRAC\\exercici 3\\CrudEloquent\\vendor\\laravel\\framework\\src\\Illuminate\\Pipeline\\Pipeline.php(180): Illuminate\\Session\\Middleware\\StartSession->handle(Object(Illuminate\\Http\\Request), Object(Closure))
#34 C:\\xampp\\htdocs\\exercicis MP07\\UF3\\MP07_S4_UF3_PRAC\\exercici 3\\CrudEloquent\\vendor\\laravel\\framework\\src\\Illuminate\\Cookie\\Middleware\\AddQueuedCookiesToResponse.php(37): Illuminate\\Pipeline\\Pipeline->Illuminate\\Pipeline\\{closure}(Object(Illuminate\\Http\\Request))
#35 C:\\xampp\\htdocs\\exercicis MP07\\UF3\\MP07_S4_UF3_PRAC\\exercici 3\\CrudEloquent\\vendor\\laravel\\framework\\src\\Illuminate\\Pipeline\\Pipeline.php(180): Illuminate\\Cookie\\Middleware\\AddQueuedCookiesToResponse->handle(Object(Illuminate\\Http\\Request), Object(Closure))
#36 C:\\xampp\\htdocs\\exercicis MP07\\UF3\\MP07_S4_UF3_PRAC\\exercici 3\\CrudEloquent\\vendor\\laravel\\framework\\src\\Illuminate\\Cookie\\Middleware\\EncryptCookies.php(67): Illuminate\\Pipeline\\Pipeline->Illuminate\\Pipeline\\{closure}(Object(Illuminate\\Http\\Request))
#37 C:\\xampp\\htdocs\\exercicis MP07\\UF3\\MP07_S4_UF3_PRAC\\exercici 3\\CrudEloquent\\vendor\\laravel\\framework\\src\\Illuminate\\Pipeline\\Pipeline.php(180): Illuminate\\Cookie\\Middleware\\EncryptCookies->handle(Object(Illuminate\\Http\\Request), Object(Closure))
#38 C:\\xampp\\htdocs\\exercicis MP07\\UF3\\MP07_S4_UF3_PRAC\\exercici 3\\CrudEloquent\\vendor\\laravel\\framework\\src\\Illuminate\\Pipeline\\Pipeline.php(116): Illuminate\\Pipeline\\Pipeline->Illuminate\\Pipeline\\{closure}(Object(Illuminate\\Http\\Request))
#39 C:\\xampp\\htdocs\\exercicis MP07\\UF3\\MP07_S4_UF3_PRAC\\exercici 3\\CrudEloquent\\vendor\\laravel\\framework\\src\\Illuminate\\Routing\\Router.php(799): Illuminate\\Pipeline\\Pipeline->then(Object(Closure))
#40 C:\\xampp\\htdocs\\exercicis MP07\\UF3\\MP07_S4_UF3_PRAC\\exercici 3\\CrudEloquent\\vendor\\laravel\\framework\\src\\Illuminate\\Routing\\Router.php(776): Illuminate\\Routing\\Router->runRouteWithinStack(Object(Illuminate\\Routing\\Route), Object(Illuminate\\Http\\Request))
#41 C:\\xampp\\htdocs\\exercicis MP07\\UF3\\MP07_S4_UF3_PRAC\\exercici 3\\CrudEloquent\\vendor\\laravel\\framework\\src\\Illuminate\\Routing\\Router.php(740): Illuminate\\Routing\\Router->runRoute(Object(Illuminate\\Http\\Request), Object(Illuminate\\Routing\\Route))
#42 C:\\xampp\\htdocs\\exercicis MP07\\UF3\\MP07_S4_UF3_PRAC\\exercici 3\\CrudEloquent\\vendor\\laravel\\framework\\src\\Illuminate\\Routing\\Router.php(729): Illuminate\\Routing\\Router->dispatchToRoute(Object(Illuminate\\Http\\Request))
#43 C:\\xampp\\htdocs\\exercicis MP07\\UF3\\MP07_S4_UF3_PRAC\\exercici 3\\CrudEloquent\\vendor\\laravel\\framework\\src\\Illuminate\\Foundation\\Http\\Kernel.php(190): Illuminate\\Routing\\Router->dispatch(Object(Illuminate\\Http\\Request))
#44 C:\\xampp\\htdocs\\exercicis MP07\\UF3\\MP07_S4_UF3_PRAC\\exercici 3\\CrudEloquent\\vendor\\laravel\\framework\\src\\Illuminate\\Pipeline\\Pipeline.php(141): Illuminate\\Foundation\\Http\\Kernel->Illuminate\\Foundation\\Http\\{closure}(Object(Illuminate\\Http\\Request))
#45 C:\\xampp\\htdocs\\exercicis MP07\\UF3\\MP07_S4_UF3_PRAC\\exercici 3\\CrudEloquent\\vendor\\laravel\\framework\\src\\Illuminate\\Foundation\\Http\\Middleware\\TransformsRequest.php(21): Illuminate\\Pipeline\\Pipeline->Illuminate\\Pipeline\\{closure}(Object(Illuminate\\Http\\Request))
#46 C:\\xampp\\htdocs\\exercicis MP07\\UF3\\MP07_S4_UF3_PRAC\\exercici 3\\CrudEloquent\\vendor\\laravel\\framework\\src\\Illuminate\\Foundation\\Http\\Middleware\\ConvertEmptyStringsToNull.php(31): Illuminate\\Foundation\\Http\\Middleware\\TransformsRequest->handle(Object(Illuminate\\Http\\Request), Object(Closure))
#47 C:\\xampp\\htdocs\\exercicis MP07\\UF3\\MP07_S4_UF3_PRAC\\exercici 3\\CrudEloquent\\vendor\\laravel\\framework\\src\\Illuminate\\Pipeline\\Pipeline.php(180): Illuminate\\Foundation\\Http\\Middleware\\ConvertEmptyStringsToNull->handle(Object(Illuminate\\Http\\Request), Object(Closure))
#48 C:\\xampp\\htdocs\\exercicis MP07\\UF3\\MP07_S4_UF3_PRAC\\exercici 3\\CrudEloquent\\vendor\\laravel\\framework\\src\\Illuminate\\Foundation\\Http\\Middleware\\TransformsRequest.php(21): Illuminate\\Pipeline\\Pipeline->Illuminate\\Pipeline\\{closure}(Object(Illuminate\\Http\\Request))
#49 C:\\xampp\\htdocs\\exercicis MP07\\UF3\\MP07_S4_UF3_PRAC\\exercici 3\\CrudEloquent\\vendor\\laravel\\framework\\src\\Illuminate\\Foundation\\Http\\Middleware\\TrimStrings.php(40): Illuminate\\Foundation\\Http\\Middleware\\TransformsRequest->handle(Object(Illuminate\\Http\\Request), Object(Closure))
#50 C:\\xampp\\htdocs\\exercicis MP07\\UF3\\MP07_S4_UF3_PRAC\\exercici 3\\CrudEloquent\\vendor\\laravel\\framework\\src\\Illuminate\\Pipeline\\Pipeline.php(180): Illuminate\\Foundation\\Http\\Middleware\\TrimStrings->handle(Object(Illuminate\\Http\\Request), Object(Closure))
#51 C:\\xampp\\htdocs\\exercicis MP07\\UF3\\MP07_S4_UF3_PRAC\\exercici 3\\CrudEloquent\\vendor\\laravel\\framework\\src\\Illuminate\\Foundation\\Http\\Middleware\\ValidatePostSize.php(27): Illuminate\\Pipeline\\Pipeline->Illuminate\\Pipeline\\{closure}(Object(Illuminate\\Http\\Request))
#52 C:\\xampp\\htdocs\\exercicis MP07\\UF3\\MP07_S4_UF3_PRAC\\exercici 3\\CrudEloquent\\vendor\\laravel\\framework\\src\\Illuminate\\Pipeline\\Pipeline.php(180): Illuminate\\Foundation\\Http\\Middleware\\ValidatePostSize->handle(Object(Illuminate\\Http\\Request), Object(Closure))
#53 C:\\xampp\\htdocs\\exercicis MP07\\UF3\\MP07_S4_UF3_PRAC\\exercici 3\\CrudEloquent\\vendor\\laravel\\framework\\src\\Illuminate\\Foundation\\Http\\Middleware\\PreventRequestsDuringMaintenance.php(86): Illuminate\\Pipeline\\Pipeline->Illuminate\\Pipeline\\{closure}(Object(Illuminate\\Http\\Request))
#54 C:\\xampp\\htdocs\\exercicis MP07\\UF3\\MP07_S4_UF3_PRAC\\exercici 3\\CrudEloquent\\vendor\\laravel\\framework\\src\\Illuminate\\Pipeline\\Pipeline.php(180): Illuminate\\Foundation\\Http\\Middleware\\PreventRequestsDuringMaintenance->handle(Object(Illuminate\\Http\\Request), Object(Closure))
#55 C:\\xampp\\htdocs\\exercicis MP07\\UF3\\MP07_S4_UF3_PRAC\\exercici 3\\CrudEloquent\\vendor\\laravel\\framework\\src\\Illuminate\\Http\\Middleware\\HandleCors.php(49): Illuminate\\Pipeline\\Pipeline->Illuminate\\Pipeline\\{closure}(Object(Illuminate\\Http\\Request))
#56 C:\\xampp\\htdocs\\exercicis MP07\\UF3\\MP07_S4_UF3_PRAC\\exercici 3\\CrudEloquent\\vendor\\laravel\\framework\\src\\Illuminate\\Pipeline\\Pipeline.php(180): Illuminate\\Http\\Middleware\\HandleCors->handle(Object(Illuminate\\Http\\Request), Object(Closure))
#57 C:\\xampp\\htdocs\\exercicis MP07\\UF3\\MP07_S4_UF3_PRAC\\exercici 3\\CrudEloquent\\vendor\\laravel\\framework\\src\\Illuminate\\Http\\Middleware\\TrustProxies.php(39): Illuminate\\Pipeline\\Pipeline->Illuminate\\Pipeline\\{closure}(Object(Illuminate\\Http\\Request))
#58 C:\\xampp\\htdocs\\exercicis MP07\\UF3\\MP07_S4_UF3_PRAC\\exercici 3\\CrudEloquent\\vendor\\laravel\\framework\\src\\Illuminate\\Pipeline\\Pipeline.php(180): Illuminate\\Http\\Middleware\\TrustProxies->handle(Object(Illuminate\\Http\\Request), Object(Closure))
#59 C:\\xampp\\htdocs\\exercicis MP07\\UF3\\MP07_S4_UF3_PRAC\\exercici 3\\CrudEloquent\\vendor\\laravel\\framework\\src\\Illuminate\\Pipeline\\Pipeline.php(116): Illuminate\\Pipeline\\Pipeline->Illuminate\\Pipeline\\{closure}(Object(Illuminate\\Http\\Request))
#60 C:\\xampp\\htdocs\\exercicis MP07\\UF3\\MP07_S4_UF3_PRAC\\exercici 3\\CrudEloquent\\vendor\\laravel\\framework\\src\\Illuminate\\Foundation\\Http\\Kernel.php(165): Illuminate\\Pipeline\\Pipeline->then(Object(Closure))
#61 C:\\xampp\\htdocs\\exercicis MP07\\UF3\\MP07_S4_UF3_PRAC\\exercici 3\\CrudEloquent\\vendor\\laravel\\framework\\src\\Illuminate\\Foundation\\Http\\Kernel.php(134): Illuminate\\Foundation\\Http\\Kernel->sendRequestThroughRouter(Object(Illuminate\\Http\\Request))
#62 C:\\xampp\\htdocs\\exercicis MP07\\UF3\\MP07_S4_UF3_PRAC\\exercici 3\\CrudEloquent\\public\\index.php(52): Illuminate\\Foundation\\Http\\Kernel->handle(Object(Illuminate\\Http\\Request))
#63 C:\\xampp\\htdocs\\exercicis MP07\\UF3\\MP07_S4_UF3_PRAC\\exercici 3\\CrudEloquent\\vendor\\laravel\\framework\\src\\Illuminate\\Foundation\\resources\\server.php(16): require_once('C:\\\\xampp\\\\htdocs...')
#64 {main}
"} 
